// Jest Snapshot v1, https://goo.gl/fbAQLP

exports[`Storyshots components.login_form Static Examples 1`] = `
<section>
  <fieldset>
    <div>
      <div
        className=""
      >
        <div>
          <div>
            Login
          </div>
        </div>
        <div>
          <div>
            <div>
              Username
            </div>
            <div>
              <input
                onChange={[Function]}
                placeholder="Enter username"
                type="text"
                value="asridhar"
              />
            </div>
          </div>
          <div>
            <div>
              Password
            </div>
            <div>
              <input
                onChange={[Function]}
                placeholder="Enter password here:"
                type="password"
                value="testpass"
              />
            </div>
          </div>
          <div>
            <div
              className=""
              onClick={[Function]}
            >
              <div>
                Submit
              </div>
            </div>
          </div>
        </div>
      </div>
    </div>
  </fieldset>
</section>
`;
